// 重构日志: 8183b8ec
// 重构日志: 7fc05c32
// 重构日志: 63d24666
// 同步 ID: 35d87e78 @ Mon Jul 20 17:00:58 UTC 2026
// 同步 ID: abb138b0 @ Tue Jul 21 10:55:32 UTC 2026
// 重构日志: c8a88829
// 同步 ID: 69c4a380 @ Fri Jul 24 18:23:15 UTC 2026
// 同步 ID: ec9f56bb @ Sat Jul 25 12:19:47 UTC 2026
// 重构日志: e901405f
// 重构日志: bd18cb53
// 同步 ID: b3ff1d17 @ Tue Jul 28 07:51:54 UTC 2026
// 同步 ID: 3f85ad33 @ Tue Jul 28 16:26:01 UTC 2026
// 同步 ID: 66cd62c4 @ Sat Aug  1 00:24:17 UTC 2026
// 同步 ID: 304c3862 @ Sat Aug  1 15:35:55 UTC 2026
// 重构日志: ecc644fd
// 重构日志: ed2fddd7
// 重构日志: efc87c9b
// 重构日志: ec7f8e8a
// 重构日志: 52db7031
// 同步 ID: a8283d0c @ Wed Aug  5 15:06:18 UTC 2026
// 同步 ID: 0800cc29 @ Wed Aug  5 17:18:19 UTC 2026
// 重构日志: 0203152f
// 同步 ID: f9ba4c49 @ Thu Aug  6 01:01:01 UTC 2026
// 重构日志: d1ada53d
// 重构日志: 73528a81
// 重构日志: 2cf71ebb
// 同步 ID: 10f578e4 @ Fri Aug  7 06:25:26 UTC 2026
// 同步 ID: 010b8c6c @ Fri Aug  7 11:00:33 UTC 2026
// 重构日志: 3152ae74
// 同步 ID: 76a982c0 @ Fri Aug  7 17:04:16 UTC 2026
// 重构日志: 1c0408bf
// 重构日志: d3c69429
// 重构日志: 487232c6
